// Jest Snapshot v1, https://goo.gl/fbAQLP

exports[`Test in <MultipleCustomHooks/> should be rendered 1`] = `
<Fragment>
  <div
    className="alert alert-info text-center"
  >
    Loading...
  </div>
  <button
    className="btn btn-primary"
    onClick={[Function]}
  >
    Next Quote
  </button>
</Fragment>
`;
